BL51 BANKED LINKER/LOCATER V6.22.4.0                                                    11/05/2024  07:08:41  PAGE 1


BL51 BANKED LINKER/LOCATER V6.22.4.0, INVOKED BY:
C:\KEIL_V5\C51\BIN\BL51.EXE .\Objects\STARTUP.obj, .\Objects\main.obj TO .\Objects\test PRINT (.\Listings\test.m51)


MEMORY MODEL: SMALL


INPUT MODULES INCLUDED:
  .\Objects\STARTUP.obj (?C_STARTUP)
  .\Objects\main.obj (MAIN)
  C:\KEIL_V5\C51\LIB\C51S.LIB (?C_INIT)
  C:\KEIL_V5\C51\LIB\C51S.LIB (?C?CLDOPTR)


LINK MAP OF MODULE:  .\Objects\test (?C_STARTUP)


            TYPE    BASE      LENGTH    RELOCATION   SEGMENT NAME
            -----------------------------------------------------

            * * * * * * *   D A T A   M E M O R Y   * * * * * * *
            REG     0000H     0008H     ABSOLUTE     "REG BANK 0"
            DATA    0008H     004BH     UNIT         ?DT?MAIN
            DATA    0053H     0004H     UNIT         ?DT?_DISPLAY_MATRIX?MAIN
            DATA    0057H     0004H     UNIT         _DATA_GROUP_
            IDATA   005BH     0001H     UNIT         ?STACK

            * * * * * * *   C O D E   M E M O R Y   * * * * * * *
            CODE    0000H     0003H     ABSOLUTE     
            CODE    0003H     008CH     UNIT         ?C_C51STARTUP
            CODE    008FH     0065H     UNIT         ?PR?MAIN?MAIN
            CODE    00F4H     0064H     UNIT         ?PR?UPDATE_DISPLAY_BUFFER?MAIN
            CODE    0158H     0044H     UNIT         ?PR?UPDATE_SNAKE?MAIN
            CODE    019CH     0037H     UNIT         ?PR?_DISPLAY_MATRIX?MAIN
            CODE    01D3H     002DH     UNIT         ?C?LIB_CODE
            CODE    0200H     002CH     UNIT         ?PR?CHECK_COLLISION?MAIN
            CODE    022CH     0028H     UNIT         ?PR?_HC595SENDBYTE?MAIN
            CODE    0254H     0020H     UNIT         ?PR?_DELAY?MAIN
            CODE    0274H     0010H     UNIT         ?PR?INIT_GAME?MAIN
            CODE    0284H     0008H     UNIT         ?CO?MAIN
            CODE    028CH     0007H     UNIT         ?C_INITSEG



OVERLAY MAP OF MODULE:   .\Objects\test (?C_STARTUP)


SEGMENT                                  DATA_GROUP 
  +--> CALLED SEGMENT                  START    LENGTH
------------------------------------------------------
?C_C51STARTUP                          -----    -----
  +--> ?PR?MAIN?MAIN
  +--> ?C_INITSEG

?PR?MAIN?MAIN                          0057H    0003H
  +--> ?PR?INIT_GAME?MAIN
  +--> ?PR?UPDATE_SNAKE?MAIN
  +--> ?PR?CHECK_COLLISION?MAIN
BL51 BANKED LINKER/LOCATER V6.22.4.0                                                  11/05/2024  07:08:41  PAGE 2


  +--> ?PR?UPDATE_DISPLAY_BUFFER?MAIN
  +--> ?PR?_HC595SENDBYTE?MAIN
  +--> ?CO?MAIN
  +--> ?PR?_DELAY?MAIN

?PR?CHECK_COLLISION?MAIN               -----    -----
  +--> ?PR?INIT_GAME?MAIN

?PR?UPDATE_DISPLAY_BUFFER?MAIN         005AH    0001H



SYMBOL TABLE OF MODULE:  .\Objects\test (?C_STARTUP)

  VALUE           TYPE          NAME
  ----------------------------------

  -------         MODULE        ?C_STARTUP
  C:0003H         SEGMENT       ?C_C51STARTUP
  I:005BH         SEGMENT       ?STACK
  C:0000H         PUBLIC        ?C_STARTUP
  D:00E0H         SYMBOL        ACC
  D:00F0H         SYMBOL        B
  D:0083H         SYMBOL        DPH
  D:0082H         SYMBOL        DPL
  N:0000H         SYMBOL        IBPSTACK
  N:0100H         SYMBOL        IBPSTACKTOP
  N:0080H         SYMBOL        IDATALEN
  C:0006H         SYMBOL        IDATALOOP
  N:0000H         SYMBOL        PBPSTACK
  N:0100H         SYMBOL        PBPSTACKTOP
  N:0000H         SYMBOL        PDATALEN
  N:0000H         SYMBOL        PDATASTART
  N:0000H         SYMBOL        PPAGE
  N:0000H         SYMBOL        PPAGEENABLE
  D:00A0H         SYMBOL        PPAGE_SFR
  D:0081H         SYMBOL        SP
  C:0003H         SYMBOL        STARTUP1
  N:0000H         SYMBOL        XBPSTACK
  N:0000H         SYMBOL        XBPSTACKTOP
  N:0000H         SYMBOL        XDATALEN
  N:0000H         SYMBOL        XDATASTART
  C:0000H         LINE#         126
  C:0003H         LINE#         133
  C:0005H         LINE#         134
  C:0006H         LINE#         135
  C:0007H         LINE#         136
  C:0009H         LINE#         185
  C:000CH         LINE#         196
  -------         ENDMOD        ?C_STARTUP

  -------         MODULE        MAIN
  C:0000H         SYMBOL        _ICE_DUMMY_
  B:00B0H.0       PUBLIC        RIGHT
  D:0080H         PUBLIC        P0
  B:00B0H.6       PUBLIC        SRCLK
  D:00B0H         PUBLIC        P3
BL51 BANKED LINKER/LOCATER V6.22.4.0                                                  11/05/2024  07:08:41  PAGE 3


  C:0254H         PUBLIC        _delay
  D:0008H         PUBLIC        snake
  B:00B0H.2       PUBLIC        UP
  C:008FH         PUBLIC        main
  D:0048H         PUBLIC        food
  B:00B0H.1       PUBLIC        LEFT
  B:00B0H.5       PUBLIC        RCLK
  C:0274H         PUBLIC        init_game
  C:0200H         PUBLIC        check_collision
  B:00B0H.3       PUBLIC        DOWN
  C:00F4H         PUBLIC        update_display_buffer
  D:0049H         PUBLIC        direction
  C:0284H         PUBLIC        TAB
  D:004AH         PUBLIC        display_buffer
  B:00B0H.4       PUBLIC        SER
  C:022CH         PUBLIC        _Hc595SendByte
  C:019CH         PUBLIC        _display_matrix
  D:0052H         PUBLIC        snake_length
  C:0158H         PUBLIC        update_snake
  -------         PROC          _DELAY
  D:0006H         SYMBOL        time
  -------         DO            
  D:0004H         SYMBOL        i
  D:0002H         SYMBOL        j
  -------         ENDDO         
  C:0254H         LINE#         13
  C:0254H         LINE#         15
  C:025EH         LINE#         16
  C:0273H         LINE#         17
  -------         ENDPROC       _DELAY
  -------         PROC          _HC595SENDBYTE
  D:0007H         SYMBOL        dat
  -------         DO            
  D:0006H         SYMBOL        a
  -------         ENDDO         
  C:022CH         LINE#         19
  C:022CH         LINE#         21
  C:022EH         LINE#         22
  C:0230H         LINE#         23
  C:0232H         LINE#         24
  C:023FH         LINE#         25
  C:0243H         LINE#         26
  C:0245H         LINE#         27
  C:0246H         LINE#         28
  C:0247H         LINE#         29
  C:0249H         LINE#         30
  C:024DH         LINE#         31
  C:024FH         LINE#         32
  C:0250H         LINE#         33
  C:0251H         LINE#         34
  C:0253H         LINE#         35
  -------         ENDPROC       _HC595SENDBYTE
  -------         PROC          _DISPLAY_MATRIX
  D:0053H         SYMBOL        matrix
  -------         DO            
  D:0056H         SYMBOL        i
  -------         ENDDO         
BL51 BANKED LINKER/LOCATER V6.22.4.0                                                  11/05/2024  07:08:41  PAGE 4


  C:019CH         LINE#         37
  C:01A2H         LINE#         39
  C:01A5H         LINE#         40
  C:01AFH         LINE#         41
  C:01C2H         LINE#         42
  C:01C9H         LINE#         43
  C:01D2H         LINE#         44
  -------         ENDPROC       _DISPLAY_MATRIX
  -------         PROC          INIT_GAME
  -------         DO            
  D:0007H         SYMBOL        i
  -------         ENDDO         
  C:0274H         LINE#         18
  C:0274H         LINE#         20
  C:0274H         LINE#         21
  C:027DH         LINE#         22
  C:027DH         LINE#         23
  C:0280H         LINE#         24
  C:0283H         LINE#         25
  -------         ENDPROC       INIT_GAME
  -------         PROC          UPDATE_SNAKE
  -------         DO            
  D:0007H         SYMBOL        i
  -------         ENDDO         
  C:0158H         LINE#         27
  C:0158H         LINE#         29
  C:0160H         LINE#         30
  C:016CH         LINE#         31
  C:016FH         LINE#         32
  C:0179H         LINE#         33
  C:0184H         LINE#         34
  C:018FH         LINE#         35
  C:019BH         LINE#         36
  -------         ENDPROC       UPDATE_SNAKE
  -------         PROC          CHECK_COLLISION
  -------         DO            
  D:0006H         SYMBOL        i
  -------         ENDDO         
  C:0200H         LINE#         38
  C:0200H         LINE#         40
  C:0208H         LINE#         41
  C:0210H         LINE#         42
  C:0213H         LINE#         43
  C:0216H         LINE#         44
  C:0219H         LINE#         45
  C:0219H         LINE#         46
  C:021CH         LINE#         47
  C:0221H         LINE#         48
  C:0223H         LINE#         49
  C:022BH         LINE#         50
  C:022BH         LINE#         51
  -------         ENDPROC       CHECK_COLLISION
  -------         PROC          UPDATE_DISPLAY_BUFFER
  -------         DO            
  D:0006H         SYMBOL        i
  D:005AH         SYMBOL        row
  D:0007H         SYMBOL        col
BL51 BANKED LINKER/LOCATER V6.22.4.0                                                  11/05/2024  07:08:41  PAGE 5


  -------         ENDDO         
  C:00F4H         LINE#         53
  C:00F4H         LINE#         55
  C:00F4H         LINE#         56
  C:00FDH         LINE#         57
  C:00FDH         LINE#         58
  C:0105H         LINE#         59
  C:0112H         LINE#         60
  C:0116H         LINE#         61
  C:012EH         LINE#         62
  C:0131H         LINE#         63
  C:013AH         LINE#         64
  C:013FH         LINE#         65
  C:0157H         LINE#         66
  -------         ENDPROC       UPDATE_DISPLAY_BUFFER
  -------         PROC          MAIN
  -------         DO            
  D:0001H         SYMBOL        tab
  D:0057H         SYMBOL        j
  D:0058H         SYMBOL        i
  -------         ENDDO         
  C:008FH         LINE#         68
  C:008FH         LINE#         72
  C:0092H         LINE#         73
  C:0092H         LINE#         74
  C:0098H         LINE#         75
  C:009EH         LINE#         76
  C:00A4H         LINE#         77
  C:00AAH         LINE#         79
  C:00ADH         LINE#         80
  C:00B0H         LINE#         81
  C:00B3H         LINE#         83
  C:00B8H         LINE#         84
  C:00BAH         LINE#         85
  C:00BFH         LINE#         86
  C:00C6H         LINE#         87
  C:00CFH         LINE#         88
  C:00D6H         LINE#         89
  C:00DAH         LINE#         90
  C:00EBH         LINE#         92
  C:00F2H         LINE#         93
  -------         ENDPROC       MAIN
  -------         ENDMOD        MAIN

  -------         MODULE        ?C?CLDOPTR
  C:01D3H         PUBLIC        ?C?CLDOPTR
  -------         ENDMOD        ?C?CLDOPTR

*** WARNING L16: UNCALLED SEGMENT, IGNORED FOR OVERLAY PROCESS
    SEGMENT: ?PR?_DISPLAY_MATRIX?MAIN

Program Size: data=92.0 xdata=0 code=659
LINK/LOCATE RUN COMPLETE.  1 WARNING(S),  0 ERROR(S)
