BL51 BANKED LINKER/LOCATER V6.22.4.0                                                    11/26/2024  07:33:14  PAGE 1


BL51 BANKED LINKER/LOCATER V6.22.4.0, INVOKED BY:
C:\KEIL_V5\C51\BIN\BL51.EXE .\Objects\STARTUP.obj, .\Objects\main.obj TO .\Objects\test PRINT (.\Listings\test.m51)


MEMORY MODEL: SMALL


INPUT MODULES INCLUDED:
  .\Objects\STARTUP.obj (?C_STARTUP)
  .\Objects\main.obj (MAIN)
  C:\KEIL_V5\C51\LIB\C51S.LIB (?C_INIT)
  C:\KEIL_V5\C51\LIB\C51S.LIB (?C?CLDOPTR)


LINK MAP OF MODULE:  .\Objects\test (?C_STARTUP)


            TYPE    BASE      LENGTH    RELOCATION   SEGMENT NAME
            -----------------------------------------------------

            * * * * * * *   D A T A   M E M O R Y   * * * * * * *
            REG     0000H     0008H     ABSOLUTE     "REG BANK 0"
            DATA    0008H     004BH     UNIT         ?DT?MAIN
            DATA    0053H     0004H     UNIT         ?DT?_DISPLAY_MATRIX?MAIN
            DATA    0057H     0004H     UNIT         _DATA_GROUP_
            IDATA   005BH     0001H     UNIT         ?STACK

            * * * * * * *   C O D E   M E M O R Y   * * * * * * *
            CODE    0000H     0003H     ABSOLUTE     
                    0003H     07FDH                  *** GAP ***
            CODE    0800H     008CH     UNIT         ?C_C51STARTUP
            CODE    088CH     0067H     UNIT         ?PR?UPDATE_SNAKE?MAIN
            CODE    08F3H     0065H     UNIT         ?PR?MAIN?MAIN
            CODE    0958H     0064H     UNIT         ?PR?UPDATE_DISPLAY_BUFFER?MAIN
            CODE    09BCH     0037H     UNIT         ?PR?_DISPLAY_MATRIX?MAIN
            CODE    09F3H     0032H     UNIT         ?PR?CHECK_COLLISION?MAIN
            CODE    0A25H     002DH     UNIT         ?C?LIB_CODE
            CODE    0A52H     0028H     UNIT         ?PR?_HC595SENDBYTE?MAIN
            CODE    0A7AH     0020H     UNIT         ?PR?_DELAY?MAIN
            CODE    0A9AH     0010H     UNIT         ?PR?INIT_GAME?MAIN
            CODE    0AAAH     0008H     UNIT         ?CO?MAIN
            CODE    0AB2H     0007H     UNIT         ?C_INITSEG



OVERLAY MAP OF MODULE:   .\Objects\test (?C_STARTUP)


SEGMENT                                  DATA_GROUP 
  +--> CALLED SEGMENT                  START    LENGTH
------------------------------------------------------
?C_C51STARTUP                          -----    -----
  +--> ?PR?MAIN?MAIN
  +--> ?C_INITSEG

?PR?MAIN?MAIN                          0057H    0003H
  +--> ?PR?INIT_GAME?MAIN
  +--> ?PR?UPDATE_SNAKE?MAIN
BL51 BANKED LINKER/LOCATER V6.22.4.0                                                  11/26/2024  07:33:14  PAGE 2


  +--> ?PR?CHECK_COLLISION?MAIN
  +--> ?PR?UPDATE_DISPLAY_BUFFER?MAIN
  +--> ?PR?_HC595SENDBYTE?MAIN
  +--> ?CO?MAIN
  +--> ?PR?_DELAY?MAIN

?PR?UPDATE_DISPLAY_BUFFER?MAIN         005AH    0001H



SYMBOL TABLE OF MODULE:  .\Objects\test (?C_STARTUP)

  VALUE           TYPE          NAME
  ----------------------------------

  -------         MODULE        ?C_STARTUP
  C:0800H         SEGMENT       ?C_C51STARTUP
  I:005BH         SEGMENT       ?STACK
  C:0000H         PUBLIC        ?C_STARTUP
  D:00E0H         SYMBOL        ACC
  D:00F0H         SYMBOL        B
  D:0083H         SYMBOL        DPH
  D:0082H         SYMBOL        DPL
  N:0000H         SYMBOL        IBPSTACK
  N:0100H         SYMBOL        IBPSTACKTOP
  N:0080H         SYMBOL        IDATALEN
  C:0803H         SYMBOL        IDATALOOP
  N:0000H         SYMBOL        PBPSTACK
  N:0100H         SYMBOL        PBPSTACKTOP
  N:0000H         SYMBOL        PDATALEN
  N:0000H         SYMBOL        PDATASTART
  N:0000H         SYMBOL        PPAGE
  N:0000H         SYMBOL        PPAGEENABLE
  D:00A0H         SYMBOL        PPAGE_SFR
  D:0081H         SYMBOL        SP
  C:0800H         SYMBOL        STARTUP1
  N:0000H         SYMBOL        XBPSTACK
  N:0000H         SYMBOL        XBPSTACKTOP
  N:0000H         SYMBOL        XDATALEN
  N:0000H         SYMBOL        XDATASTART
  C:0000H         LINE#         126
  C:0800H         LINE#         133
  C:0802H         LINE#         134
  C:0803H         LINE#         135
  C:0804H         LINE#         136
  C:0806H         LINE#         185
  C:0809H         LINE#         196
  -------         ENDMOD        ?C_STARTUP

  -------         MODULE        MAIN
  C:0000H         SYMBOL        _ICE_DUMMY_
  B:00B0H.3       PUBLIC        RIGHT
  D:0080H         PUBLIC        P0
  B:00B0H.6       PUBLIC        SRCLK
  D:00B0H         PUBLIC        P3
  C:0A7AH         PUBLIC        _delay
  D:0008H         PUBLIC        snake
BL51 BANKED LINKER/LOCATER V6.22.4.0                                                  11/26/2024  07:33:14  PAGE 3


  B:00B0H.0       PUBLIC        UP
  C:08F3H         PUBLIC        main
  D:0048H         PUBLIC        food
  B:00B0H.2       PUBLIC        LEFT
  B:00B0H.5       PUBLIC        RCLK
  C:0A9AH         PUBLIC        init_game
  C:09F3H         PUBLIC        check_collision
  B:00B0H.1       PUBLIC        DOWN
  C:0958H         PUBLIC        update_display_buffer
  D:0049H         PUBLIC        direction
  C:0AAAH         PUBLIC        TAB
  D:004AH         PUBLIC        display_buffer
  B:00B0H.4       PUBLIC        SER
  C:0A52H         PUBLIC        _Hc595SendByte
  C:09BCH         PUBLIC        _display_matrix
  D:0052H         PUBLIC        snake_length
  C:088CH         PUBLIC        update_snake
  -------         PROC          _DELAY
  D:0006H         SYMBOL        time
  -------         DO            
  D:0004H         SYMBOL        i
  D:0002H         SYMBOL        j
  -------         ENDDO         
  C:0A7AH         LINE#         13
  C:0A7AH         LINE#         15
  C:0A84H         LINE#         16
  C:0A99H         LINE#         17
  -------         ENDPROC       _DELAY
  -------         PROC          _HC595SENDBYTE
  D:0007H         SYMBOL        dat
  -------         DO            
  D:0006H         SYMBOL        a
  -------         ENDDO         
  C:0A52H         LINE#         19
  C:0A52H         LINE#         21
  C:0A54H         LINE#         22
  C:0A56H         LINE#         23
  C:0A58H         LINE#         24
  C:0A65H         LINE#         25
  C:0A69H         LINE#         26
  C:0A6BH         LINE#         27
  C:0A6CH         LINE#         28
  C:0A6DH         LINE#         29
  C:0A6FH         LINE#         30
  C:0A73H         LINE#         31
  C:0A75H         LINE#         32
  C:0A76H         LINE#         33
  C:0A77H         LINE#         34
  C:0A79H         LINE#         35
  -------         ENDPROC       _HC595SENDBYTE
  -------         PROC          _DISPLAY_MATRIX
  D:0053H         SYMBOL        matrix
  -------         DO            
  D:0056H         SYMBOL        i
  -------         ENDDO         
  C:09BCH         LINE#         37
  C:09C2H         LINE#         39
BL51 BANKED LINKER/LOCATER V6.22.4.0                                                  11/26/2024  07:33:14  PAGE 4


  C:09C5H         LINE#         40
  C:09CFH         LINE#         41
  C:09E2H         LINE#         42
  C:09E9H         LINE#         43
  C:09F2H         LINE#         44
  -------         ENDPROC       _DISPLAY_MATRIX
  -------         PROC          INIT_GAME
  -------         DO            
  D:0007H         SYMBOL        i
  -------         ENDDO         
  C:0A9AH         LINE#         17
  C:0A9AH         LINE#         19
  C:0A9AH         LINE#         20
  C:0AA3H         LINE#         21
  C:0AA3H         LINE#         22
  C:0AA6H         LINE#         23
  C:0AA9H         LINE#         24
  -------         ENDPROC       INIT_GAME
  -------         PROC          UPDATE_SNAKE
  -------         DO            
  D:0007H         SYMBOL        i
  -------         ENDDO         
  C:088CH         LINE#         26
  C:088CH         LINE#         28
  C:0894H         LINE#         29
  C:08A0H         LINE#         30
  C:08A3H         LINE#         32
  C:08A7H         LINE#         33
  C:08AEH         LINE#         34
  C:08B0H         LINE#         35
  C:08B2H         LINE#         36
  C:08B4H         LINE#         37
  C:08B4H         LINE#         38
  C:08BBH         LINE#         39
  C:08C2H         LINE#         40
  C:08C4H         LINE#         41
  C:08C6H         LINE#         42
  C:08C8H         LINE#         43
  C:08C8H         LINE#         44
  C:08CFH         LINE#         45
  C:08D5H         LINE#         46
  C:08D7H         LINE#         47
  C:08D9H         LINE#         48
  C:08DBH         LINE#         49
  C:08DBH         LINE#         50
  C:08E1H         LINE#         51
  C:08E9H         LINE#         52
  C:08EFH         LINE#         53
  C:08F0H         LINE#         54
  C:08F2H         LINE#         55
  C:08F2H         LINE#         56
  C:08F2H         LINE#         57
  -------         ENDPROC       UPDATE_SNAKE
  -------         PROC          CHECK_COLLISION
  -------         DO            
  D:0007H         SYMBOL        i
  -------         ENDDO         
BL51 BANKED LINKER/LOCATER V6.22.4.0                                                  11/26/2024  07:33:14  PAGE 5


  C:09F3H         LINE#         61
  C:09F3H         LINE#         63
  C:09FBH         LINE#         64
  C:0A03H         LINE#         66
  C:0A06H         LINE#         67
  C:0A09H         LINE#         68
  C:0A0BH         LINE#         70
  C:0A0BH         LINE#         71
  C:0A0BH         LINE#         72
  C:0A0EH         LINE#         73
  C:0A13H         LINE#         74
  C:0A1AH         LINE#         75
  C:0A1CH         LINE#         76
  C:0A1CH         LINE#         77
  C:0A24H         LINE#         78
  C:0A24H         LINE#         79
  -------         ENDPROC       CHECK_COLLISION
  -------         PROC          UPDATE_DISPLAY_BUFFER
  -------         DO            
  D:0006H         SYMBOL        i
  D:005AH         SYMBOL        row
  D:0007H         SYMBOL        col
  -------         ENDDO         
  C:0958H         LINE#         81
  C:0958H         LINE#         83
  C:0958H         LINE#         84
  C:0961H         LINE#         85
  C:0961H         LINE#         86
  C:0969H         LINE#         87
  C:0976H         LINE#         88
  C:097AH         LINE#         89
  C:0992H         LINE#         90
  C:0995H         LINE#         91
  C:099EH         LINE#         92
  C:09A3H         LINE#         93
  C:09BBH         LINE#         94
  -------         ENDPROC       UPDATE_DISPLAY_BUFFER
  -------         PROC          MAIN
  -------         DO            
  D:0001H         SYMBOL        tab
  D:0057H         SYMBOL        j
  D:0058H         SYMBOL        i
  -------         ENDDO         
  C:08F3H         LINE#         96
  C:08F3H         LINE#         100
  C:08F6H         LINE#         101
  C:08F6H         LINE#         102
  C:08FCH         LINE#         103
  C:0902H         LINE#         104
  C:0908H         LINE#         105
  C:090EH         LINE#         106
  C:0911H         LINE#         107
  C:0914H         LINE#         108
  C:0917H         LINE#         110
  C:091CH         LINE#         111
  C:091EH         LINE#         112
  C:0923H         LINE#         113
BL51 BANKED LINKER/LOCATER V6.22.4.0                                                  11/26/2024  07:33:14  PAGE 6


  C:092AH         LINE#         114
  C:0933H         LINE#         115
  C:093AH         LINE#         116
  C:093EH         LINE#         117
  C:094FH         LINE#         119
  C:0956H         LINE#         120
  -------         ENDPROC       MAIN
  -------         ENDMOD        MAIN

  -------         MODULE        ?C?CLDOPTR
  C:0A25H         PUBLIC        ?C?CLDOPTR
  -------         ENDMOD        ?C?CLDOPTR

*** WARNING L16: UNCALLED SEGMENT, IGNORED FOR OVERLAY PROCESS
    SEGMENT: ?PR?_DISPLAY_MATRIX?MAIN

******************************************************************************
* RESTRICTED VERSION WITH 0800H BYTE CODE SIZE LIMIT; USED: 020EH BYTE (25%) *
******************************************************************************

Program Size: data=92.0 xdata=0 code=700
LINK/LOCATE RUN COMPLETE.  1 WARNING(S),  0 ERROR(S)
