BL51 BANKED LINKER/LOCATER V6.22.4.0                                                    09/10/2024  15:25:12  PAGE 1


BL51 BANKED LINKER/LOCATER V6.22.4.0, INVOKED BY:
C:\KEIL_V5\C51\BIN\BL51.EXE .\Objects\delay.obj TO .\Objects\test PRINT (.\Listings\test.m51) RAMSIZE (256)


MEMORY MODEL: SMALL


INPUT MODULES INCLUDED:
  .\Objects\delay.obj (DELAY)


LINK MAP OF MODULE:  .\Objects\test (DELAY)


            TYPE    BASE      LENGTH    RELOCATION   SEGMENT NAME
            -----------------------------------------------------

            * * * * * * *   D A T A   M E M O R Y   * * * * * * *
            REG     0000H     0008H     ABSOLUTE     "REG BANK 0"

            * * * * * * *   C O D E   M E M O R Y   * * * * * * *
                    0000H     0800H                  *** GAP ***
            CODE    0800H     0020H     UNIT         ?PR?_DELAY?DELAY



OVERLAY MAP OF MODULE:   .\Objects\test (DELAY)


SEGMENT
  +--> CALLED SEGMENT
---------------------


SYMBOL TABLE OF MODULE:  .\Objects\test (DELAY)

  VALUE           TYPE          NAME
  ----------------------------------

  -------         MODULE        DELAY
  C:0000H         SYMBOL        _ICE_DUMMY_
  C:0800H         PUBLIC        _delay
  -------         PROC          _DELAY
  D:0006H         SYMBOL        t
  -------         DO            
  D:0004H         SYMBOL        x
  D:0002H         SYMBOL        y
  -------         ENDDO         
  C:0800H         LINE#         5
  C:0800H         LINE#         6
  C:0800H         LINE#         8
  C:080AH         LINE#         9
  C:0818H         LINE#         10
  C:081FH         LINE#         11
  -------         ENDPROC       _DELAY
  -------         ENDMOD        DELAY

*** WARNING L16: UNCALLED SEGMENT, IGNORED FOR OVERLAY PROCESS
BL51 BANKED LINKER/LOCATER V6.22.4.0                                                  09/10/2024  15:25:12  PAGE 2


    SEGMENT: ?PR?_DELAY?DELAY

*** WARNING L10: CANNOT DETERMINE ROOT SEGMENT

******************************************************************************
* RESTRICTED VERSION WITH 0800H BYTE CODE SIZE LIMIT; USED: 0020H BYTE ( 1%) *
******************************************************************************

Program Size: data=8.0 xdata=0 code=32
LINK/LOCATE RUN COMPLETE.  2 WARNING(S),  0 ERROR(S)
